// Jest Snapshot v1, https://goo.gl/fbAQLP

exports[`Header render Should Header match Snapshot 1`] = `
<div>
  <header
    class="css-15otjsi"
  >
    <h1
      class="chakra-heading css-dp3sr4"
    >
      <img
        alt="Logo Shoppe"
        data-nimg="1"
        decoding="async"
        height="40"
        loading="lazy"
        src="http://localhost:3000//images/logo.png?w=256&q=75"
        srcset="http://localhost:3000//images/logo.png?w=128&q=75 1x, http://localhost:3000//images/logo.png?w=256&q=75 2x"
        style="color: transparent;"
        width="125"
      />
    </h1>
    <div
      class="css-79elbk"
    >
      <div
        class="css-c3i4bm"
      >
        <img
          alt="Shopping Cart Icon"
          data-nimg="fill"
          data-testid="image"
          decoding="async"
          loading="lazy"
          sizes="100vw"
          src="http://localhost:3000//images/shoppingCart.svg?w=3840&q=75"
          srcset="http://localhost:3000//images/shoppingCart.svg?w=640&q=75 640w, http://localhost:3000//images/shoppingCart.svg?w=750&q=75 750w, http://localhost:3000//images/shoppingCart.svg?w=828&q=75 828w, http://localhost:3000//images/shoppingCart.svg?w=1080&q=75 1080w, http://localhost:3000//images/shoppingCart.svg?w=1200&q=75 1200w, http://localhost:3000//images/shoppingCart.svg?w=1920&q=75 1920w, http://localhost:3000//images/shoppingCart.svg?w=2048&q=75 2048w, http://localhost:3000//images/shoppingCart.svg?w=3840&q=75 3840w"
          style="position: absolute; height: 100%; width: 100%; left: 0px; top: 0px; right: 0px; bottom: 0px; color: transparent;"
        />
      </div>
      <div
        class="css-2jnr0l"
      >
        <p
          class="chakra-text css-1xb8dar"
        >
          0
        </p>
      </div>
    </div>
  </header>
  <span
    hidden=""
    id="__chakra_env"
  />
</div>
`;
