// Jest Snapshot v1, https://goo.gl/fbAQLP

exports[`Icon render Should show match Icon DOM Snapshot 1`] = `
<div>
  <div
    class="css-fm4v0q"
  >
    <img
      alt="facebook"
      data-nimg="fill"
      data-testid="image"
      decoding="async"
      loading="lazy"
      sizes="100vw"
      src="http://localhost:3000//images/facebook.webp?w=3840&q=75"
      srcset="http://localhost:3000//images/facebook.webp?w=640&q=75 640w, http://localhost:3000//images/facebook.webp?w=750&q=75 750w, http://localhost:3000//images/facebook.webp?w=828&q=75 828w, http://localhost:3000//images/facebook.webp?w=1080&q=75 1080w, http://localhost:3000//images/facebook.webp?w=1200&q=75 1200w, http://localhost:3000//images/facebook.webp?w=1920&q=75 1920w, http://localhost:3000//images/facebook.webp?w=2048&q=75 2048w, http://localhost:3000//images/facebook.webp?w=3840&q=75 3840w"
      style="position: absolute; height: 100%; width: 100%; left: 0px; top: 0px; right: 0px; bottom: 0px; color: transparent; background-size: cover; background-position: 50% 50%; background-repeat: no-repeat;"
    />
  </div>
  <span
    hidden=""
    id="__chakra_env"
  />
</div>
`;
